// Jest Snapshot v1, https://goo.gl/fbAQLP

exports[`Test in <HomeScreen.test /> Debe de mostrarse correctamente 1`] = `
Array [
  <h1>
    HomeScreen
  </h1>,
  <hr />,
  <pre>
    {
   "name": "Fernando",
   "email": "fernando@gmail.com"
}
  </pre>,
]
`;
