// Jest Snapshot v1, https://goo.gl/fbAQLP

exports[`Test in <LoginScreen.test /> Debe de mostrarse corrcetamente 1`] = `
Array [
  <h1>
    LoginScreen
  </h1>,
  <hr />,
  <button
    className="btn btn-primary"
    onClick={[Function]}
  >
    Login
  </button>,
]
`;
