// Jest Snapshot v1, https://goo.gl/fbAQLP

exports[`Test in <TodoList /> Debe de mostrarse Correctamente 1`] = `
<ul
  className="list-group list-group-flush"
>
  <TodoListItem
    handleComplete={[MockFunction]}
    handleDelete={[MockFunction]}
    index={0}
    key="1"
    todos={
      Object {
        "desc": "Aprender React",
        "done": false,
        "id": 1,
      }
    }
  />
  <TodoListItem
    handleComplete={[MockFunction]}
    handleDelete={[MockFunction]}
    index={1}
    key="2"
    todos={
      Object {
        "desc": "Aprender Mongo",
        "done": false,
        "id": 2,
      }
    }
  />
</ul>
`;
